`%|A %>B %*C`
PAD: `A` (type=FILL)
TEXT: ` `
PAD: `B` (type=HARD_FILL)
TEXT: ` `
PAD: `C` (type=SOFT_FILL)
