`if: %<l?%4l>  if-else: %<l?%4l&%4c>`
TEXT: `if: `
CONDITION: EXPANDO: `l`
    IF TRUE :     EXPANDO: `l` (min=4, max=0, just=RIGHT, leader=` `)
TEXT: `  if-else: `
CONDITION: EXPANDO: `l`
    IF TRUE :     EXPANDO: `l` (min=4, max=0, just=RIGHT, leader=` `)
    IF FALSE:     EXPANDO: `c` (min=4, max=0, just=RIGHT, leader=` `)
